{"type":"server-started","port":62846,"host":"127.0.0.1","url_host":"localhost","url":"http://localhost:62846","screen_dir":"/Users/pulse/MSTF/engagment-invitation/.superpowers/brainstorm/41601-1779147423/content","state_dir":"/Users/pulse/MSTF/engagment-invitation/.superpowers/brainstorm/41601-1779147423/state"}
{"type":"screen-added","file":"/Users/pulse/MSTF/engagment-invitation/.superpowers/brainstorm/41601-1779147423/content/visual-mood.html"}
{"source":"user-event","type":"click","text":"✦ ✧ ✦\n      ✧ ✦\n      \n      𓆸\n      \n      TFTF & RORO\n      \n      — 𓂀 𓏏 𓆑 —\n      \n      \n        𓉟 𓉟 𓉟 𓉟 𓉟 𓉟 𓉟 𓉟 𓉟\n      \n    \n    \n      Pharaonic Gold\n      Deep midnight blue & gold. Hieroglyphic touches, lotus motifs, Nile vibes. Ancient Egypt meets a royal proposal.","choice":"egyptian-romance","id":null,"timestamp":1779147667078}
{"source":"user-event","type":"click","text":"❋\n      ❋\n      \n      مصطفى ونورهان\n      \n      3 · VII · 2026\n      LUXOR\n    \n    \n      Desert Romance\n      Warm sand, blush & terracotta. Arabic calligraphy, soft florals. Elegant, warm, timeless — contemporary with roots.","choice":"modern-arabic","id":null,"timestamp":1779147669068}
{"type":"screen-added","file":"/Users/pulse/MSTF/engagment-invitation/.superpowers/brainstorm/41601-1779147423/content/visual-mood-v2.html"}
{"source":"user-event","type":"click","text":"CAIRO\n      \n      \n      \n        ♥\n      \n      \n      \n        \n        \n          \n          \n          \n          \n          \n          \n          \n          \n          \n          \n        \n        LUXOR\n      \n    \n    \n      Cairo × Luxor\n      Two cities, one love story. Split visual — the modern north meets the ancient south. Perfect for your story.","choice":"cairo-luxor","id":null,"timestamp":1779147745210}
{"type":"screen-added","file":"/Users/pulse/MSTF/engagment-invitation/.superpowers/brainstorm/41601-1779147423/content/cairo-luxor-real.html"}
{"source":"user-event","type":"click","text":"YOU ARE INVITED TO CELEBRATE\n            \n              Mostafa\n              &\n              Nourhanne\n            \n            \n              \n              LUXOR · 03.07.26","choice":"fullbleed","id":null,"timestamp":1779147901652}
{"source":"user-event","type":"click","text":"YOU ARE INVITED TO CELEBRATE\n            \n              Mostafa\n              &\n              Nourhanne\n            \n            \n              \n              LUXOR · 03.07.26","choice":"fullbleed","id":null,"timestamp":1779147902867}
{"source":"user-event","type":"click","text":"CAIRO\n          \n\n          \n          \n\n          \n          \n            ENGAGEMENT\n            \n              Mostafa\n              &\n              Nourhanne\n            \n            \n              3 · JULY · 2026\n              \n              LUXOR\n            \n          \n\n          \n          \n            \n            \n            LUXOR\n          \n        \n\n        \n          SCROLL\n          ↓","choice":"split","id":null,"timestamp":1779147903493}
{"source":"user-event","type":"click","text":"YOU ARE INVITED TO CELEBRATE\n            \n              Mostafa\n              &\n              Nourhanne\n            \n            \n              \n              LUXOR · 03.07.26","choice":"fullbleed","id":null,"timestamp":1779147904208}
{"source":"user-event","type":"click","text":"CAIRO\n          \n\n          \n          \n\n          \n          \n            ENGAGEMENT\n            \n              Mostafa\n              &\n              Nourhanne\n            \n            \n              3 · JULY · 2026\n              \n              LUXOR\n            \n          \n\n          \n          \n            \n            \n            LUXOR\n          \n        \n\n        \n          SCROLL\n          ↓","choice":"split","id":null,"timestamp":1779147927364}
{"source":"user-event","type":"click","text":"YOU ARE INVITED TO CELEBRATE\n            \n              Mostafa\n              &\n              Nourhanne\n            \n            \n              \n              LUXOR · 03.07.26","choice":"fullbleed","id":null,"timestamp":1779147928011}
{"source":"user-event","type":"click","text":"CAIRO\n          \n\n          \n          \n\n          \n          \n            ENGAGEMENT\n            \n              Mostafa\n              &\n              Nourhanne\n            \n            \n              3 · JULY · 2026\n              \n              LUXOR\n            \n          \n\n          \n          \n            \n            \n            LUXOR\n          \n        \n\n        \n          SCROLL\n          ↓","choice":"split","id":null,"timestamp":1779147929154}
{"source":"user-event","type":"click","text":"YOU ARE INVITED TO CELEBRATE\n            \n              Mostafa\n              &\n              Nourhanne\n            \n            \n              \n              LUXOR · 03.07.26","choice":"fullbleed","id":null,"timestamp":1779147929628}
{"source":"user-event","type":"click","text":"CAIRO\n          \n\n          \n          \n\n          \n          \n            ENGAGEMENT\n            \n              Mostafa\n              &\n              Nourhanne\n            \n            \n              3 · JULY · 2026\n              \n              LUXOR\n            \n          \n\n          \n          \n            \n            \n            LUXOR\n          \n        \n\n        \n          SCROLL\n          ↓","choice":"split","id":null,"timestamp":1779147930138}
{"source":"user-event","type":"click","text":"YOU ARE INVITED TO CELEBRATE\n            \n              Mostafa\n              &\n              Nourhanne\n            \n            \n              \n              LUXOR · 03.07.26","choice":"fullbleed","id":null,"timestamp":1779147933612}
{"source":"user-event","type":"click","text":"YOU ARE INVITED TO CELEBRATE\n            \n              Mostafa\n              &\n              Nourhanne\n            \n            \n              \n              LUXOR · 03.07.26","choice":"fullbleed","id":null,"timestamp":1779147984937}
{"type":"screen-added","file":"/Users/pulse/MSTF/engagment-invitation/.superpowers/brainstorm/41601-1779147423/content/cairo-luxor-tftf-roro.html"}
{"type":"screen-added","file":"/Users/pulse/MSTF/engagment-invitation/.superpowers/brainstorm/41601-1779147423/content/cairo-luxor-mint.html"}
{"type":"screen-added","file":"/Users/pulse/MSTF/engagment-invitation/.superpowers/brainstorm/41601-1779147423/content/cairo-luxor-mint-v2.html"}
{"type":"screen-added","file":"/Users/pulse/MSTF/engagment-invitation/.superpowers/brainstorm/41601-1779147423/content/cairo-luxor-sage.html"}
{"type":"screen-added","file":"/Users/pulse/MSTF/engagment-invitation/.superpowers/brainstorm/41601-1779147423/content/cairo-luxor-light.html"}
{"type":"screen-added","file":"/Users/pulse/MSTF/engagment-invitation/.superpowers/brainstorm/41601-1779147423/content/full-website.html"}
{"type":"screen-added","file":"/Users/pulse/MSTF/engagment-invitation/.superpowers/brainstorm/41601-1779147423/content/full-vibrant.html"}
{"type":"screen-added","file":"/Users/pulse/MSTF/engagment-invitation/.superpowers/brainstorm/41601-1779147423/content/full-soft.html"}
{"type":"screen-added","file":"/Users/pulse/MSTF/engagment-invitation/.superpowers/brainstorm/41601-1779147423/content/refined.html"}
{"type":"screen-added","file":"/Users/pulse/MSTF/engagment-invitation/.superpowers/brainstorm/41601-1779147423/content/reset.html"}
{"type":"screen-added","file":"/Users/pulse/MSTF/engagment-invitation/.superpowers/brainstorm/41601-1779147423/content/pick-light.html"}
{"source":"user-event","type":"click","text":"B — Pale Sage Hero\n    TFTF & RORO\n    3 · JULY · 2026 · LUXOR\n  \n  \n    45Days\n    12Hrs\n    30Min\n    00Sec\n  \n  From Cairo to Luxor, two hearts found their way to each other.\n  Very pale sage (#EAF5E8) for hero · white for all content","choice":"pale-sage","id":null,"timestamp":1779149079888}
{"type":"screen-added","file":"/Users/pulse/MSTF/engagment-invitation/.superpowers/brainstorm/41601-1779147423/content/final.html"}
{"type":"screen-added","file":"/Users/pulse/MSTF/engagment-invitation/.superpowers/brainstorm/41601-1779147423/content/map-section.html"}
{"type":"screen-added","file":"/Users/pulse/MSTF/engagment-invitation/.superpowers/brainstorm/41601-1779147423/content/map-real.html"}
{"type":"screen-added","file":"/Users/pulse/MSTF/engagment-invitation/.superpowers/brainstorm/41601-1779147423/content/map-stickman.html"}
{"type":"screen-added","file":"/Users/pulse/MSTF/engagment-invitation/.superpowers/brainstorm/41601-1779147423/content/map-faces.html"}
